cargo : error: failed to 
parse manifest at `C:\User
s\shiva\Downloads\WASM-as-
OS-main\WASM-as-OS-main\wa
smos\Cargo.toml`
At line:1 char:38
+ $ErrorActionPreference 
= 'Continue'; cargo build 
2>&1 | Out-File -Fil ...
+                         
             
~~~~~~~~~~~~~~~~
    + CategoryInfo        
      : NotSpecified: (e  
  rror: failed t...mos\   
 Cargo.toml`:String) [    
], RemoteException
    + FullyQualifiedError 
   Id : NativeCommandErr  
  or
 

Caused by:
  can't find 
`wasm_benchmarks` bench 
at `benches\wasm_benchmark
s.rs` or `benches\wasm_ben
chmarks\main.rs`. Please 
specify bench.path if you 
want to use a non-default 
path.
